Command line invocation:
    /Applications/Xcode.app/Contents/Developer/usr/bin/xcodebuild test -scheme app-four "-only-testing:app-fourTests/UnifiedExtractionTests" "-only-testing:app-fourTests/ParseExtractionTests" "-only-testing:app-fourTests/ExtractionValidatorTests" "-only-testing:app-fourTests/SummaryResultAssemblyTests" -destination "platform=iOS Simulator,name=iPhone 17 Pro,OS=26.5"

Resolve Package Graph


Resolved source packages:
  Jinja: https://github.com/huggingface/swift-jinja.git @ 2.4.2
  mlx-libraries: /Users/caesargrey/Projects/app-four-llama/Packages/mlx-swift-examples @ 2.29.2
  swift-atomics: https://github.com/apple/swift-atomics.git @ 1.3.1
  swift-collections: https://github.com/apple/swift-collections.git @ 1.5.1
  swift-asn1: https://github.com/apple/swift-asn1.git @ 1.7.1
  swift-transformers: https://github.com/huggingface/swift-transformers @ 1.3.3
  swift-huggingface: https://github.com/huggingface/swift-huggingface.git @ 0.9.0
  argmax-oss-swift: https://github.com/argmaxinc/WhisperKit.git @ 1.0.0
  Gzip: https://github.com/1024jp/GzipSwift @ 6.0.1
  swift-nio: https://github.com/apple/swift-nio.git @ 2.101.3
  mlx-swift: https://github.com/ml-explore/mlx-swift @ 0.29.1
  SquirlSignals: /Users/caesargrey/Projects/app-four-llama/Packages/SquirlSignals @ local
  EventSource: https://github.com/mattt/EventSource.git @ 1.4.2
  SquirlDesignSystem: /Users/caesargrey/Projects/app-four-llama/Packages/SquirlDesignSystem @ local
  swift-system: https://github.com/apple/swift-system.git @ 1.8.0
  swift-argument-parser: https://github.com/apple/swift-argument-parser.git @ 1.8.2
  yyjson: https://github.com/ibireme/yyjson.git @ 0.12.0
  swift-numerics: https://github.com/apple/swift-numerics @ 1.1.1
  swift-crypto: https://github.com/apple/swift-crypto.git @ 4.5.1

ComputePackagePrebuildTargetDependencyGraph

Prepare packages

CreateBuildRequest

SendProjectDescription

CreateBuildOperation

ComputeTargetDependencyGraph
note: Building targets in dependency order
note: Target dependency graph (71 targets)
    Target 'app-fourTests' in project 'app-four'
        ➜ Explicit dependency on target 'app-four' in project 'app-four'
        ➜ Explicit dependency on target 'SquirlSignals' in project 'SquirlSignals'
        ➜ Explicit dependency on target 'SquirlDesignSystem' in project 'SquirlDesignSystem'
    Target 'app-four' in project 'app-four'
        ➜ Explicit dependency on target 'Tokenizers' in project 'swift-transformers'
        ➜ Explicit dependency on target 'Hub' in project 'swift-transformers'
        ➜ Explicit dependency on target 'WhisperKit' in project 'argmax-oss-swift'
        ➜ Explicit dependency on target 'SquirlSignals' in project 'SquirlSignals'
        ➜ Explicit dependency on target 'SquirlDesignSystem' in project 'SquirlDesignSystem'
        ➜ Explicit dependency on target 'MLX' in project 'mlx-swift'
        ➜ Explicit dependency on target 'MLXNN' in project 'mlx-swift'
        ➜ Explicit dependency on target 'MLXRandom' in project 'mlx-swift'
        ➜ Explicit dependency on target 'MLXLLM' in project 'mlx-libraries'
        ➜ Explicit dependency on target 'OrderedCollections' in project 'swift-collections'
        ➜ Explicit dependency on target 'HuggingFace' in project 'swift-huggingface'
    Target 'MLXLLM' in project 'mlx-libraries'
        ➜ Explicit dependency on target 'MLXLLM' in project 'mlx-libraries'
        ➜ Explicit dependency on target 'MLXLMCommon' in project 'mlx-libraries'
        ➜ Explicit dependency on target 'MLX' in project 'mlx-swift'
        ➜ Explicit dependency on target 'MLXNN' in project 'mlx-swift'
        ➜ Explicit dependency on target 'MLXOptimizers' in project 'mlx-swift'
        ➜ Explicit dependency on target 'MLXRandom' in project 'mlx-swift'
        ➜ Explicit dependency on target 'MLXLinalg' in project 'mlx-swift'
        ➜ Explicit dependency on target 'Transformers' in project 'swift-transformers'
        ➜ Explicit dependency on target 'MLXFast' in project 'mlx-swift'
    Target 'MLXLLM' in project 'mlx-libraries'
        ➜ Explicit dependency on target 'MLXLMCommon' in project 'mlx-libraries'
        ➜ Explicit dependency on target 'MLX' in project 'mlx-swift'
        ➜ Explicit dependency on target 'MLXNN' in project 'mlx-swift'
        ➜ Explicit dependency on target 'MLXOptimizers' in project 'mlx-swift'
        ➜ Explicit dependency on target 'MLXRandom' in project 'mlx-swift'
        ➜ Explicit dependency on target 'MLXLinalg' in project 'mlx-swift'
        ➜ Explicit dependency on target 'Transformers' in project 'swift-transformers'
        ➜ Explicit dependency on target 'MLXFast' in project 'mlx-swift'
    Target 'MLXFast' in project 'mlx-swift'
        ➜ Explicit dependency on target 'MLXFast' in project 'mlx-swift'
        ➜ Explicit dependency on target 'Cmlx' in project 'mlx-swift'
        ➜ Explicit dependency on target 'MLX' in project 'mlx-swift'
        ➜ Explicit dependency on target 'Numerics' in project 'swift-numerics'
    Target 'MLXLMCommon' in project 'mlx-libraries'
        ➜ Explicit dependency on target 'MLX' in project 'mlx-swift'
        ➜ Explicit dependency on target 'MLXNN' in project 'mlx-swift'
        ➜ Explicit dependency on target 'MLXOptimizers' in project 'mlx-swift'
        ➜ Explicit dependency on target 'MLXRandom' in project 'mlx-swift'
        ➜ Explicit dependency on target 'MLXLinalg' in project 'mlx-swift'
        ➜ Explicit dependency on target 'Transformers' in project 'swift-transformers'
    Target 'Transformers' in project 'swift-transformers'
        ➜ Explicit dependency on target 'Tokenizers' in project 'swift-transformers'
        ➜ Explicit dependency on target 'Generation' in project 'swift-transformers'
        ➜ Explicit dependency on target 'Models' in project 'swift-transformers'
        ➜ Explicit dependency on target 'Hub' in project 'swift-transformers'
        ➜ Explicit dependency on target 'Jinja' in project 'Jinja'
        ➜ Explicit dependency on target 'HuggingFace' in project 'swift-huggingface'
        ➜ Explicit dependency on target 'OrderedCollections' in project 'swift-collections'
        ➜ Explicit dependency on target 'Crypto' in project 'swift-crypto'
        ➜ Explicit dependency on target 'yyjson' in project 'yyjson'
    Target 'Models' in project 'swift-transformers'
        ➜ Explicit dependency on target 'Hub' in project 'swift-transformers'
        ➜ Explicit dependency on target 'Tokenizers' in project 'swift-transformers'
        ➜ Explicit dependency on target 'Generation' in project 'swift-transformers'
        ➜ Explicit dependency on target 'Jinja' in project 'Jinja'
        ➜ Explicit dependency on target 'HuggingFace' in project 'swift-huggingface'
        ➜ Explicit dependency on target 'OrderedCollections' in project 'swift-collections'
        ➜ Explicit dependency on target 'Crypto' in project 'swift-crypto'
        ➜ Explicit dependency on target 'yyjson' in project 'yyjson'
    Target 'Generation' in project 'swift-transformers'
        ➜ Explicit dependency on target 'Hub' in project 'swift-transformers'
        ➜ Explicit dependency on target 'Tokenizers' in project 'swift-transformers'
        ➜ Explicit dependency on target 'Jinja' in project 'Jinja'
        ➜ Explicit dependency on target 'HuggingFace' in project 'swift-huggingface'
        ➜ Explicit dependency on target 'OrderedCollections' in project 'swift-collections'
        ➜ Explicit dependency on target 'Crypto' in project 'swift-crypto'
        ➜ Explicit dependency on target 'yyjson' in project 'yyjson'
    Target 'MLXLinalg' in project 'mlx-swift'
        ➜ Explicit dependency on target 'MLXLinalg' in project 'mlx-swift'
        ➜ Explicit dependency on target 'Cmlx' in project 'mlx-swift'
        ➜ Explicit dependency on target 'MLX' in project 'mlx-swift'
        ➜ Explicit dependency on target 'Numerics' in project 'swift-numerics'
    Target 'MLXLinalg' in project 'mlx-swift'
        ➜ Explicit dependency on target 'Cmlx' in project 'mlx-swift'
        ➜ Explicit dependency on target 'MLX' in project 'mlx-swift'
        ➜ Explicit dependency on target 'Numerics' in project 'swift-numerics'
    Target 'MLXOptimizers' in project 'mlx-swift'
        ➜ Explicit dependency on target 'MLXOptimizers' in project 'mlx-swift'
        ➜ Explicit dependency on target 'Cmlx' in project 'mlx-swift'
        ➜ Explicit dependency on target 'MLX' in project 'mlx-swift'
        ➜ Explicit dependency on target 'MLXRandom' in project 'mlx-swift'
        ➜ Explicit dependency on target 'MLXFast' in project 'mlx-swift'
        ➜ Explicit dependency on target 'MLXNN' in project 'mlx-swift'
        ➜ Explicit dependency on target 'Numerics' in project 'swift-numerics'
    Target 'MLXOptimizers' in project 'mlx-swift'
        ➜ Explicit dependency on target 'Cmlx' in project 'mlx-swift'
        ➜ Explicit dependency on target 'MLX' in project 'mlx-swift'
        ➜ Explicit dependency on target 'MLXRandom' in project 'mlx-swift'
        ➜ Explicit dependency on target 'MLXFast' in project 'mlx-swift'
        ➜ Explicit dependency on target 'MLXNN' in project 'mlx-swift'
        ➜ Explicit dependency on target 'Numerics' in project 'swift-numerics'
    Target 'MLXRandom' in project 'mlx-swift'
        ➜ Explicit dependency on target 'MLXRandom' in project 'mlx-swift'
        ➜ Explicit dependency on target 'Cmlx' in project 'mlx-swift'
        ➜ Explicit dependency on target 'MLX' in project 'mlx-swift'
        ➜ Explicit dependency on target 'Numerics' in project 'swift-numerics'
    Target 'MLXNN' in project 'mlx-swift'
        ➜ Explicit dependency on target 'MLXNN' in project 'mlx-swift'
        ➜ Explicit dependency on target 'Cmlx' in project 'mlx-swift'
        ➜ Explicit dependency on target 'MLX' in project 'mlx-swift'
        ➜ Explicit dependency on target 'MLXRandom' in project 'mlx-swift'
        ➜ Explicit dependency on target 'MLXFast' in project 'mlx-swift'
        ➜ Explicit dependency on target 'Numerics' in project 'swift-numerics'
    Target 'MLXNN' in project 'mlx-swift'
        ➜ Explicit dependency on target 'Cmlx' in project 'mlx-swift'
        ➜ Explicit dependency on target 'MLX' in project 'mlx-swift'
        ➜ Explicit dependency on target 'MLXRandom' in project 'mlx-swift'
        ➜ Explicit dependency on target 'MLXFast' in project 'mlx-swift'
        ➜ Explicit dependency on target 'Numerics' in project 'swift-numerics'
    Target 'MLXFast' in project 'mlx-swift'
        ➜ Explicit dependency on target 'Cmlx' in project 'mlx-swift'
        ➜ Explicit dependency on target 'MLX' in project 'mlx-swift'
        ➜ Explicit dependency on target 'Numerics' in project 'swift-numerics'
    Target 'MLXRandom' in project 'mlx-swift'
        ➜ Explicit dependency on target 'Cmlx' in project 'mlx-swift'
        ➜ Explicit dependency on target 'MLX' in project 'mlx-swift'
        ➜ Explicit dependency on target 'Numerics' in project 'swift-numerics'
    Target 'MLX' in project 'mlx-swift'
        ➜ Explicit dependency on target 'MLX' in project 'mlx-swift'
        ➜ Explicit dependency on target 'Cmlx' in project 'mlx-swift'
        ➜ Explicit dependency on target 'Numerics' in project 'swift-numerics'
    Target 'MLX' in project 'mlx-swift'
        ➜ Explicit dependency on target 'Cmlx' in project 'mlx-swift'
        ➜ Explicit dependency on target 'Numerics' in project 'swift-numerics'
    Target 'Numerics' in project 'swift-numerics'
        ➜ Explicit dependency on target 'Numerics' in project 'swift-numerics'
        ➜ Explicit dependency on target '_NumericsShims' in project 'swift-numerics'
        ➜ Explicit dependency on target 'RealModule' in project 'swift-numerics'
        ➜ Explicit dependency on target 'ComplexModule' in project 'swift-numerics'
    Target 'Numerics' in project 'swift-numerics'
        ➜ Explicit dependency on target '_NumericsShims' in project 'swift-numerics'
        ➜ Explicit dependency on target 'RealModule' in project 'swift-numerics'
        ➜ Explicit dependency on target 'ComplexModule' in project 'swift-numerics'
    Target 'ComplexModule' in project 'swift-numerics'
        ➜ Explicit dependency on target '_NumericsShims' in project 'swift-numerics'
        ➜ Explicit dependency on target 'RealModule' in project 'swift-numerics'
    Target 'RealModule' in project 'swift-numerics'
        ➜ Explicit dependency on target '_NumericsShims' in project 'swift-numerics'
    Target '_NumericsShims' in project 'swift-numerics' (no dependencies)
    Target 'Cmlx' in project 'mlx-swift'
        ➜ Explicit dependency on target 'mlx-swift_Cmlx' in project 'mlx-swift'
    Target 'mlx-swift_Cmlx' in project 'mlx-swift' (no dependencies)
    Target 'SquirlDesignSystem' in project 'SquirlDesignSystem'
        ➜ Explicit dependency on target 'SquirlDesignSystem' in project 'SquirlDesignSystem'
        ➜ Explicit dependency on target 'SquirlSignals' in project 'SquirlSignals'
    Target 'SquirlDesignSystem' in project 'SquirlDesignSystem'
        ➜ Explicit dependency on target 'SquirlSignals' in project 'SquirlSignals'
    Target 'SquirlSignals' in project 'SquirlSignals'
        ➜ Explicit dependency on target 'SquirlSignals' in project 'SquirlSignals'
    Target 'SquirlSignals' in project 'SquirlSignals' (no dependencies)
    Target 'WhisperKit' in project 'argmax-oss-swift'
        ➜ Explicit dependency on target 'WhisperKit' in project 'argmax-oss-swift'
        ➜ Explicit dependency on target 'ArgmaxCore' in project 'argmax-oss-swift'
    Target 'WhisperKit' in project 'argmax-oss-swift'
        ➜ Explicit dependency on target 'ArgmaxCore' in project 'argmax-oss-swift'
    Target 'ArgmaxCore' in project 'argmax-oss-swift' (no dependencies)
    Target 'Hub' in project 'swift-transformers'
        ➜ Explicit dependency on target 'Hub' in project 'swift-transformers'
        ➜ Explicit dependency on target 'swift-transformers_Hub' in project 'swift-transformers'
        ➜ Explicit dependency on target 'Jinja' in project 'Jinja'
        ➜ Explicit dependency on target 'HuggingFace' in project 'swift-huggingface'
        ➜ Explicit dependency on target 'OrderedCollections' in project 'swift-collections'
        ➜ Explicit dependency on target 'Crypto' in project 'swift-crypto'
        ➜ Explicit dependency on target 'yyjson' in project 'yyjson'
    Target 'Tokenizers' in project 'swift-transformers'
        ➜ Explicit dependency on target 'Tokenizers' in project 'swift-transformers'
        ➜ Explicit dependency on target 'Hub' in project 'swift-transformers'
        ➜ Explicit dependency on target 'Jinja' in project 'Jinja'
        ➜ Explicit dependency on target 'HuggingFace' in project 'swift-huggingface'
        ➜ Explicit dependency on target 'OrderedCollections' in project 'swift-collections'
        ➜ Explicit dependency on target 'Crypto' in project 'swift-crypto'
        ➜ Explicit dependency on target 'yyjson' in project 'yyjson'
    Target 'Tokenizers' in project 'swift-transformers'
        ➜ Explicit dependency on target 'Hub' in project 'swift-transformers'
        ➜ Explicit dependency on target 'Jinja' in project 'Jinja'
        ➜ Explicit dependency on target 'HuggingFace' in project 'swift-huggingface'
        ➜ Explicit dependency on target 'OrderedCollections' in project 'swift-collections'
        ➜ Explicit dependency on target 'Crypto' in project 'swift-crypto'
        ➜ Explicit dependency on target 'yyjson' in project 'yyjson'
    Target 'Hub' in project 'swift-transformers'
        ➜ Explicit dependency on target 'swift-transformers_Hub' in project 'swift-transformers'
        ➜ Explicit dependency on target 'Jinja' in project 'Jinja'
        ➜ Explicit dependency on target 'HuggingFace' in project 'swift-huggingface'
        ➜ Explicit dependency on target 'OrderedCollections' in project 'swift-collections'
        ➜ Explicit dependency on target 'Crypto' in project 'swift-crypto'
        ➜ Explicit dependency on target 'yyjson' in project 'yyjson'
    Target 'yyjson' in project 'yyjson'
        ➜ Explicit dependency on target 'yyjson' in project 'yyjson'
    Target 'yyjson' in project 'yyjson' (no dependencies)
    Target 'HuggingFace' in project 'swift-huggingface'
        ➜ Explicit dependency on target 'HuggingFace' in project 'swift-huggingface'
        ➜ Explicit dependency on target 'EventSource' in project 'EventSource'
        ➜ Explicit dependency on target 'Crypto' in project 'swift-crypto'
    Target 'HuggingFace' in project 'swift-huggingface'
        ➜ Explicit dependency on target 'EventSource' in project 'EventSource'
        ➜ Explicit dependency on target 'Crypto' in project 'swift-crypto'
    Target 'Crypto' in project 'swift-crypto'
        ➜ Explicit dependency on target 'Crypto' in project 'swift-crypto'
        ➜ Explicit dependency on target 'swift-crypto_Crypto' in project 'swift-crypto'
    Target 'Crypto' in project 'swift-crypto'
        ➜ Explicit dependency on target 'swift-crypto_Crypto' in project 'swift-crypto'
    Target 'swift-crypto_Crypto' in project 'swift-crypto' (no dependencies)
    Target 'EventSource' in project 'EventSource'
        ➜ Explicit dependency on target 'EventSource' in project 'EventSource'
        ➜ Explicit dependency on target 'NIOCore' in project 'swift-nio'
    Target 'EventSource' in project 'EventSource'
        ➜ Explicit dependency on target 'NIOCore' in project 'swift-nio'
    Target 'NIOCore' in project 'swift-nio'
        ➜ Explicit dependency on target 'NIOCore' in project 'swift-nio'
        ➜ Explicit dependency on target 'CNIOAtomics' in project 'swift-nio'
        ➜ Explicit dependency on target 'NIOConcurrencyHelpers' in project 'swift-nio'
        ➜ Explicit dependency on target '_NIOBase64' in project 'swift-nio'
        ➜ Explicit dependency on target 'CNIOOpenBSD' in project 'swift-nio'
        ➜ Explicit dependency on target 'CNIOFreeBSD' in project 'swift-nio'
        ➜ Explicit dependency on target 'CNIODarwin' in project 'swift-nio'
        ➜ Explicit dependency on target 'CNIOLinux' in project 'swift-nio'
        ➜ Explicit dependency on target 'CNIOWindows' in project 'swift-nio'
        ➜ Explicit dependency on target 'CNIOWASI' in project 'swift-nio'
        ➜ Explicit dependency on target '_NIODataStructures' in project 'swift-nio'
        ➜ Explicit dependency on target 'DequeModule' in project 'swift-collections'
        ➜ Explicit dependency on target 'Atomics' in project 'swift-atomics'
    Target 'NIOCore' in project 'swift-nio'
        ➜ Explicit dependency on target 'CNIOAtomics' in project 'swift-nio'
        ➜ Explicit dependency on target 'NIOConcurrencyHelpers' in project 'swift-nio'
        ➜ Explicit dependency on target '_NIOBase64' in project 'swift-nio'
        ➜ Explicit dependency on target 'CNIOOpenBSD' in project 'swift-nio'
        ➜ Explicit dependency on target 'CNIOFreeBSD' in project 'swift-nio'
        ➜ Explicit dependency on target 'CNIODarwin' in project 'swift-nio'
        ➜ Explicit dependency on target 'CNIOLinux' in project 'swift-nio'
        ➜ Explicit dependency on target 'CNIOWindows' in project 'swift-nio'
        ➜ Explicit dependency on target 'CNIOWASI' in project 'swift-nio'
        ➜ Explicit dependency on target '_NIODataStructures' in project 'swift-nio'
        ➜ Explicit dependency on target 'DequeModule' in project 'swift-collections'
        ➜ Explicit dependency on target 'Atomics' in project 'swift-atomics'
    Target 'Atomics' in project 'swift-atomics'
        ➜ Explicit dependency on target 'Atomics' in project 'swift-atomics'
        ➜ Explicit dependency on target '_AtomicsShims' in project 'swift-atomics'
    Target 'Atomics' in project 'swift-atomics'
        ➜ Explicit dependency on target '_AtomicsShims' in project 'swift-atomics'
    Target '_AtomicsShims' in project 'swift-atomics' (no dependencies)
    Target 'DequeModule' in project 'swift-collections'
        ➜ Explicit dependency on target 'DequeModule' in project 'swift-collections'
        ➜ Explicit dependency on target 'InternalCollectionsUtilities' in project 'swift-collections'
        ➜ Explicit dependency on target 'ContainersPreview' in project 'swift-collections'
    Target 'DequeModule' in project 'swift-collections'
        ➜ Explicit dependency on target 'InternalCollectionsUtilities' in project 'swift-collections'
        ➜ Explicit dependency on target 'ContainersPreview' in project 'swift-collections'
    Target 'ContainersPreview' in project 'swift-collections'
        ➜ Explicit dependency on target 'InternalCollectionsUtilities' in project 'swift-collections'
    Target '_NIODataStructures' in project 'swift-nio' (no dependencies)
    Target 'CNIOWASI' in project 'swift-nio' (no dependencies)
    Target 'CNIOWindows' in project 'swift-nio' (no dependencies)
    Target 'CNIOLinux' in project 'swift-nio' (no dependencies)
    Target 'CNIODarwin' in project 'swift-nio' (no dependencies)
    Target 'CNIOFreeBSD' in project 'swift-nio' (no dependencies)
    Target 'CNIOOpenBSD' in project 'swift-nio' (no dependencies)
    Target '_NIOBase64' in project 'swift-nio' (no dependencies)
    Target 'NIOConcurrencyHelpers' in project 'swift-nio'
        ➜ Explicit dependency on target 'CNIOAtomics' in project 'swift-nio'
    Target 'CNIOAtomics' in project 'swift-nio' (no dependencies)
    Target 'Jinja' in project 'Jinja'
        ➜ Explicit dependency on target 'Jinja' in project 'Jinja'
        ➜ Explicit dependency on target 'OrderedCollections' in project 'swift-collections'
    Target 'Jinja' in project 'Jinja'
        ➜ Explicit dependency on target 'OrderedCollections' in project 'swift-collections'
    Target 'OrderedCollections' in project 'swift-collections'
        ➜ Explicit dependency on target 'OrderedCollections' in project 'swift-collections'
        ➜ Explicit dependency on target 'InternalCollectionsUtilities' in project 'swift-collections'
    Target 'OrderedCollections' in project 'swift-collections'
        ➜ Explicit dependency on target 'InternalCollectionsUtilities' in project 'swift-collections'
    Target 'InternalCollectionsUtilities' in project 'swift-collections' (no dependencies)
    Target 'swift-transformers_Hub' in project 'swift-transformers' (no dependencies)

GatherProvisioningInputs

CreateBuildDescription

ExecuteExternalTool /Applications/Xcode.app/Contents/Developer/Toolchains/XcodeDefault.xctoolchain/usr/bin/swiftc --version

ExecuteExternalTool /Applications/Xcode.app/Contents/Developer/Toolchains/XcodeDefault.xctoolchain/usr/bin/clang -v -E -dM -arch arm64 -isysroot /Applications/Xcode.app/Contents/Developer/Platforms/iPhoneSimulator.platform/Developer/SDKs/iPhoneSimulator26.5.sdk -x c -c /dev/null

ExecuteExternalTool /Applications/Xcode.app/Contents/Developer/Toolchains/XcodeDefault.xctoolchain/usr/bin/clang -v -E -dM -arch arm64 -isysroot /Applications/Xcode.app/Contents/Developer/Platforms/iPhoneSimulator.platform/Developer/SDKs/iPhoneSimulator26.5.sdk -x c++ -c /dev/null

ExecuteExternalTool /Applications/Xcode.app/Contents/Developer/usr/bin/actool --print-asset-tag-combinations --output-format xml1 /Users/caesargrey/Projects/app-four-llama/app-four/Assets.xcassets

ExecuteExternalTool /Applications/Xcode.app/Contents/Developer/Toolchains/XcodeDefault.xctoolchain/usr/bin/ld -version_details

ExecuteExternalTool /Applications/Xcode.app/Contents/Developer/Toolchains/XcodeDefault.xctoolchain/usr/bin/clang -v -E -dM -isysroot /Applications/Xcode.app/Contents/Developer/Platforms/iPhoneSimulator.platform/Developer/SDKs/iPhoneSimulator26.5.sdk -x c -c /dev/null

ExecuteExternalTool /Applications/Xcode.app/Contents/Developer/usr/bin/actool --version --output-format xml1

ReadFileContents /Applications/Xcode.app/Contents/Developer/Toolchains/XcodeDefault.xctoolchain/usr/share/docc/features.json

Build description signature: b0d9d1b182581d6d917b5cbc6b640b53
Build description path: /Users/caesargrey/Library/Developer/Xcode/DerivedData/app-four-fgtorzrcfyngybgexxulfkuebpxb/Build/Intermediates.noindex/XCBuildData/b0d9d1b182581d6d917b5cbc6b640b53.xcbuilddata
ClangStatCache /Applications/Xcode.app/Contents/Developer/Toolchains/XcodeDefault.xctoolchain/usr/bin/clang-stat-cache /Applications/Xcode.app/Contents/Developer/Platforms/iPhoneSimulator.platform/Developer/SDKs/iPhoneSimulator26.5.sdk /Users/caesargrey/Library/Developer/Xcode/DerivedData/SDKStatCaches.noindex/iphonesimulator26.5-23F81a-688ef53f1462e2c8f657fdc38a81448f6cfe768891a92b912361537c460fe42b.sdkstatcache
    cd /Users/caesargrey/Projects/app-four-llama/app-four.xcodeproj
    /Applications/Xcode.app/Contents/Developer/Toolchains/XcodeDefault.xctoolchain/usr/bin/clang-stat-cache /Applications/Xcode.app/Contents/Developer/Platforms/iPhoneSimulator.platform/Developer/SDKs/iPhoneSimulator26.5.sdk -o /Users/caesargrey/Library/Developer/Xcode/DerivedData/SDKStatCaches.noindex/iphonesimulator26.5-23F81a-688ef53f1462e2c8f657fdc38a81448f6cfe768891a92b912361537c460fe42b.sdkstatcache

ProcessInfoPlistFile /Users/caesargrey/Library/Developer/Xcode/DerivedData/app-four-fgtorzrcfyngybgexxulfkuebpxb/Build/Products/Debug-iphonesimulator/mlx-swift_Cmlx.bundle/Info.plist /Users/caesargrey/Library/Developer/Xcode/DerivedData/app-four-fgtorzrcfyngybgexxulfkuebpxb/Build/Intermediates.noindex/mlx-swift.build/Debug-iphonesimulator/mlx-swift_Cmlx.build/empty-mlx-swift_Cmlx.plist (in target 'mlx-swift_Cmlx' from project 'mlx-swift')
    cd /Users/caesargrey/Library/Developer/Xcode/DerivedData/app-four-fgtorzrcfyngybgexxulfkuebpxb/SourcePackages/checkouts/mlx-swift
    builtin-infoPlistUtility /Users/caesargrey/Library/Developer/Xcode/DerivedData/app-four-fgtorzrcfyngybgexxulfkuebpxb/Build/Intermediates.noindex/mlx-swift.build/Debug-iphonesimulator/mlx-swift_Cmlx.build/empty-mlx-swift_Cmlx.plist -producttype com.apple.product-type.bundle -expandbuildsettings -format binary -platform iphonesimulator -o /Users/caesargrey/Library/Developer/Xcode/DerivedData/app-four-fgtorzrcfyngybgexxulfkuebpxb/Build/Products/Debug-iphonesimulator/mlx-swift_Cmlx.bundle/Info.plist

ProcessInfoPlistFile /Users/caesargrey/Library/Developer/Xcode/DerivedData/app-four-fgtorzrcfyngybgexxulfkuebpxb/Build/Products/Debug-iphonesimulator/swift-transformers_Hub.bundle/Info.plist /Users/caesargrey/Library/Developer/Xcode/DerivedData/app-four-fgtorzrcfyngybgexxulfkuebpxb/Build/Intermediates.noindex/swift-transformers.build/Debug-iphonesimulator/swift-transformers_Hub.build/empty-swift-transformers_Hub.plist (in target 'swift-transformers_Hub' from project 'swift-transformers')
    cd /Users/caesargrey/Library/Developer/Xcode/DerivedData/app-four-fgtorzrcfyngybgexxulfkuebpxb/SourcePackages/checkouts/swift-transformers
    builtin-infoPlistUtility /Users/caesargrey/Library/Developer/Xcode/DerivedData/app-four-fgtorzrcfyngybgexxulfkuebpxb/Build/Intermediates.noindex/swift-transformers.build/Debug-iphonesimulator/swift-transformers_Hub.build/empty-swift-transformers_Hub.plist -producttype com.apple.product-type.bundle -expandbuildsettings -format binary -platform iphonesimulator -o /Users/caesargrey/Library/Developer/Xcode/DerivedData/app-four-fgtorzrcfyngybgexxulfkuebpxb/Build/Products/Debug-iphonesimulator/swift-transformers_Hub.bundle/Info.plist

ProcessInfoPlistFile /Users/caesargrey/Library/Developer/Xcode/DerivedData/app-four-fgtorzrcfyngybgexxulfkuebpxb/Build/Products/Debug-iphonesimulator/swift-crypto_Crypto.bundle/Info.plist /Users/caesargrey/Library/Developer/Xcode/DerivedData/app-four-fgtorzrcfyngybgexxulfkuebpxb/Build/Intermediates.noindex/swift-crypto.build/Debug-iphonesimulator/swift-crypto_Crypto.build/empty-swift-crypto_Crypto.plist (in target 'swift-crypto_Crypto' from project 'swift-crypto')
    cd /Users/caesargrey/Library/Developer/Xcode/DerivedData/app-four-fgtorzrcfyngybgexxulfkuebpxb/SourcePackages/checkouts/swift-crypto
    builtin-infoPlistUtility /Users/caesargrey/Library/Developer/Xcode/DerivedData/app-four-fgtorzrcfyngybgexxulfkuebpxb/Build/Intermediates.noindex/swift-crypto.build/Debug-iphonesimulator/swift-crypto_Crypto.build/empty-swift-crypto_Crypto.plist -producttype com.apple.product-type.bundle -expandbuildsettings -format binary -platform iphonesimulator -o /Users/caesargrey/Library/Developer/Xcode/DerivedData/app-four-fgtorzrcfyngybgexxulfkuebpxb/Build/Products/Debug-iphonesimulator/swift-crypto_Crypto.bundle/Info.plist

ProcessInfoPlistFile /Users/caesargrey/Library/Developer/Xcode/DerivedData/app-four-fgtorzrcfyngybgexxulfkuebpxb/Build/Products/Debug-iphonesimulator/PackageFrameworks/SquirlSignals_33299855CF64075E_PackageProduct.framework/Info.plist /Users/caesargrey/Library/Developer/Xcode/DerivedData/app-four-fgtorzrcfyngybgexxulfkuebpxb/Build/Intermediates.noindex/SquirlSignals.build/Debug-iphonesimulator/SquirlSignals\ product.build/empty-SquirlSignals_33299855CF64075E_PackageProduct.plist (in target 'SquirlSignals' from project 'SquirlSignals')
    cd /Users/caesargrey/Projects/app-four-llama/Packages/SquirlSignals
    builtin-infoPlistUtility /Users/caesargrey/Library/Developer/Xcode/DerivedData/app-four-fgtorzrcfyngybgexxulfkuebpxb/Build/Intermediates.noindex/SquirlSignals.build/Debug-iphonesimulator/SquirlSignals\ product.build/empty-SquirlSignals_33299855CF64075E_PackageProduct.plist -producttype com.apple.product-type.framework -expandbuildsettings -format binary -platform iphonesimulator -o /Users/caesargrey/Library/Developer/Xcode/DerivedData/app-four-fgtorzrcfyngybgexxulfkuebpxb/Build/Products/Debug-iphonesimulator/PackageFrameworks/SquirlSignals_33299855CF64075E_PackageProduct.framework/Info.plist

ProcessInfoPlistFile /Users/caesargrey/Library/Developer/Xcode/DerivedData/app-four-fgtorzrcfyngybgexxulfkuebpxb/Build/Products/Debug-iphonesimulator/PackageFrameworks/SquirlDesignSystem_54E76B5429841071_PackageProduct.framework/Info.plist /Users/caesargrey/Library/Developer/Xcode/DerivedData/app-four-fgtorzrcfyngybgexxulfkuebpxb/Build/Intermediates.noindex/SquirlDesignSystem.build/Debug-iphonesimulator/SquirlDesignSystem\ product.build/empty-SquirlDesignSystem_54E76B5429841071_PackageProduct.plist (in target 'SquirlDesignSystem' from project 'SquirlDesignSystem')
    cd /Users/caesargrey/Projects/app-four-llama/Packages/SquirlDesignSystem
    builtin-infoPlistUtility /Users/caesargrey/Library/Developer/Xcode/DerivedData/app-four-fgtorzrcfyngybgexxulfkuebpxb/Build/Intermediates.noindex/SquirlDesignSystem.build/Debug-iphonesimulator/SquirlDesignSystem\ product.build/empty-SquirlDesignSystem_54E76B5429841071_PackageProduct.plist -producttype com.apple.product-type.framework -expandbuildsettings -format binary -platform iphonesimulator -o /Users/caesargrey/Library/Developer/Xcode/DerivedData/app-four-fgtorzrcfyngybgexxulfkuebpxb/Build/Products/Debug-iphonesimulator/PackageFrameworks/SquirlDesignSystem_54E76B5429841071_PackageProduct.framework/Info.plist

ProcessInfoPlistFile /Users/caesargrey/Library/Developer/Xcode/DerivedData/app-four-fgtorzrcfyngybgexxulfkuebpxb/Build/Products/Debug-iphonesimulator/app-four.app/Info.plist /Users/caesargrey/Projects/app-four-llama/app-four/Info.plist (in target 'app-four' from project 'app-four')
    cd /Users/caesargrey/Projects/app-four-llama
    builtin-infoPlistUtility /Users/caesargrey/Projects/app-four-llama/app-four/Info.plist -producttype com.apple.product-type.application -genpkginfo /Users/caesargrey/Library/Developer/Xcode/DerivedData/app-four-fgtorzrcfyngybgexxulfkuebpxb/Build/Products/Debug-iphonesimulator/app-four.app/PkgInfo -expandbuildsettings -format binary -platform iphonesimulator -additionalcontentfile /Users/caesargrey/Library/Developer/Xcode/DerivedData/app-four-fgtorzrcfyngybgexxulfkuebpxb/Build/Intermediates.noindex/app-four.build/Debug-iphonesimulator/app-four.build/assetcatalog_generated_info.plist -scanforprivacyfile /Users/caesargrey/Library/Developer/Xcode/DerivedData/app-four-fgtorzrcfyngybgexxulfkuebpxb/Build/Products/Debug-iphonesimulator/app-four.app/Frameworks/SquirlDesignSystem_54E76B5429841071_PackageProduct.framework -scanforprivacyfile /Users/caesargrey/Library/Developer/Xcode/DerivedData/app-four-fgtorzrcfyngybgexxulfkuebpxb/Build/Products/Debug-iphonesimulator/app-four.app/Frameworks/SquirlSignals_33299855CF64075E_PackageProduct.framework -scanforprivacyfile /Users/caesargrey/Library/Developer/Xcode/DerivedData/app-four-fgtorzrcfyngybgexxulfkuebpxb/Build/Products/Debug-iphonesimulator/app-four.app/mlx-swift_Cmlx.bundle -scanforprivacyfile /Users/caesargrey/Library/Developer/Xcode/DerivedData/app-four-fgtorzrcfyngybgexxulfkuebpxb/Build/Products/Debug-iphonesimulator/app-four.app/swift-crypto_Crypto.bundle -scanforprivacyfile /Users/caesargrey/Library/Developer/Xcode/DerivedData/app-four-fgtorzrcfyngybgexxulfkuebpxb/Build/Products/Debug-iphonesimulator/app-four.app/swift-transformers_Hub.bundle -o /Users/caesargrey/Library/Developer/Xcode/DerivedData/app-four-fgtorzrcfyngybgexxulfkuebpxb/Build/Products/Debug-iphonesimulator/app-four.app/Info.plist

CopySwiftLibs /Users/caesargrey/Library/Developer/Xcode/DerivedData/app-four-fgtorzrcfyngybgexxulfkuebpxb/Build/Products/Debug-iphonesimulator/app-four.app (in target 'app-four' from project 'app-four')
    cd /Users/caesargrey/Projects/app-four-llama
    builtin-swiftStdLibTool --copy --verbose --sign - --scan-executable /Users/caesargrey/Library/Developer/Xcode/DerivedData/app-four-fgtorzrcfyngybgexxulfkuebpxb/Build/Products/Debug-iphonesimulator/app-four.app/app-four.debug.dylib --scan-folder /Users/caesargrey/Library/Developer/Xcode/DerivedData/app-four-fgtorzrcfyngybgexxulfkuebpxb/Build/Products/Debug-iphonesimulator/app-four.app/Frameworks --scan-folder /Users/caesargrey/Library/Developer/Xcode/DerivedData/app-four-fgtorzrcfyngybgexxulfkuebpxb/Build/Products/Debug-iphonesimulator/app-four.app/PlugIns --scan-folder /Users/caesargrey/Library/Developer/Xcode/DerivedData/app-four-fgtorzrcfyngybgexxulfkuebpxb/Build/Products/Debug-iphonesimulator/app-four.app/SystemExtensions --scan-folder /Users/caesargrey/Library/Developer/Xcode/DerivedData/app-four-fgtorzrcfyngybgexxulfkuebpxb/Build/Products/Debug-iphonesimulator/app-four.app/Extensions --scan-folder /Users/caesargrey/Library/Developer/Xcode/DerivedData/app-four-fgtorzrcfyngybgexxulfkuebpxb/Build/Products/Debug-iphonesimulator/PackageFrameworks/SquirlSignals_33299855CF64075E_PackageProduct.framework --scan-folder /Users/caesargrey/Library/Developer/Xcode/DerivedData/app-four-fgtorzrcfyngybgexxulfkuebpxb/Build/Products/Debug-iphonesimulator/PackageFrameworks/SquirlDesignSystem_54E76B5429841071_PackageProduct.framework --platform iphonesimulator --toolchain /var/run/com.apple.security.cryptexd/mnt/com.apple.MobileAsset.MetalToolchain-v17.6.109.0.8gq1ej/Metal.xctoolchain --toolchain /Applications/Xcode.app/Contents/Developer/Toolchains/XcodeDefault.xctoolchain --destination /Users/caesargrey/Library/Developer/Xcode/DerivedData/app-four-fgtorzrcfyngybgexxulfkuebpxb/Build/Products/Debug-iphonesimulator/app-four.app/Frameworks --strip-bitcode --strip-bitcode-tool /Applications/Xcode.app/Contents/Developer/Toolchains/XcodeDefault.xctoolchain/usr/bin/bitcode_strip --emit-dependency-info /Users/caesargrey/Library/Developer/Xcode/DerivedData/app-four-fgtorzrcfyngybgexxulfkuebpxb/Build/Intermediates.noindex/app-four.build/Debug-iphonesimulator/app-four.build/SwiftStdLibToolInputDependencies.dep --filter-for-swift-os

CopySwiftLibs /Users/caesargrey/Library/Developer/Xcode/DerivedData/app-four-fgtorzrcfyngybgexxulfkuebpxb/Build/Products/Debug-iphonesimulator/app-four.app/PlugIns/app-fourTests.xctest (in target 'app-fourTests' from project 'app-four')
    cd /Users/caesargrey/Projects/app-four-llama
    builtin-swiftStdLibTool --copy --verbose --sign - --scan-executable /Users/caesargrey/Library/Developer/Xcode/DerivedData/app-four-fgtorzrcfyngybgexxulfkuebpxb/Build/Products/Debug-iphonesimulator/app-four.app/PlugIns/app-fourTests.xctest/app-fourTests --scan-folder /Users/caesargrey/Library/Developer/Xcode/DerivedData/app-four-fgtorzrcfyngybgexxulfkuebpxb/Build/Products/Debug-iphonesimulator/app-four.app/PlugIns/app-fourTests.xctest/Frameworks --scan-folder /Users/caesargrey/Library/Developer/Xcode/DerivedData/app-four-fgtorzrcfyngybgexxulfkuebpxb/Build/Products/Debug-iphonesimulator/app-four.app/PlugIns/app-fourTests.xctest/PlugIns --scan-folder /Users/caesargrey/Library/Developer/Xcode/DerivedData/app-four-fgtorzrcfyngybgexxulfkuebpxb/Build/Products/Debug-iphonesimulator/app-four.app/PlugIns/app-fourTests.xctest/SystemExtensions --scan-folder /Users/caesargrey/Library/Developer/Xcode/DerivedData/app-four-fgtorzrcfyngybgexxulfkuebpxb/Build/Products/Debug-iphonesimulator/app-four.app/PlugIns/app-fourTests.xctest/Extensions --scan-folder /Users/caesargrey/Library/Developer/Xcode/DerivedData/app-four-fgtorzrcfyngybgexxulfkuebpxb/Build/Products/Debug-iphonesimulator/PackageFrameworks/SquirlSignals_33299855CF64075E_PackageProduct.framework --scan-folder /Users/caesargrey/Library/Developer/Xcode/DerivedData/app-four-fgtorzrcfyngybgexxulfkuebpxb/Build/Products/Debug-iphonesimulator/PackageFrameworks/SquirlDesignSystem_54E76B5429841071_PackageProduct.framework --platform iphonesimulator --toolchain /var/run/com.apple.security.cryptexd/mnt/com.apple.MobileAsset.MetalToolchain-v17.6.109.0.8gq1ej/Metal.xctoolchain --toolchain /Applications/Xcode.app/Contents/Developer/Toolchains/XcodeDefault.xctoolchain --destination /Users/caesargrey/Library/Developer/Xcode/DerivedData/app-four-fgtorzrcfyngybgexxulfkuebpxb/Build/Products/Debug-iphonesimulator/app-four.app/PlugIns/app-fourTests.xctest/Frameworks --strip-bitcode --scan-executable /Applications/Xcode.app/Contents/Developer/Platforms/iPhoneSimulator.platform/Developer/usr/lib/libXCTestSwiftSupport.dylib --strip-bitcode-tool /Applications/Xcode.app/Contents/Developer/Toolchains/XcodeDefault.xctoolchain/usr/bin/bitcode_strip --emit-dependency-info /Users/caesargrey/Library/Developer/Xcode/DerivedData/app-four-fgtorzrcfyngybgexxulfkuebpxb/Build/Intermediates.noindex/app-four.build/Debug-iphonesimulator/app-fourTests.build/SwiftStdLibToolInputDependencies.dep --filter-for-swift-os

ProcessInfoPlistFile /Users/caesargrey/Library/Developer/Xcode/DerivedData/app-four-fgtorzrcfyngybgexxulfkuebpxb/Build/Products/Debug-iphonesimulator/app-four.app/PlugIns/app-fourTests.xctest/Info.plist /Users/caesargrey/Library/Developer/Xcode/DerivedData/app-four-fgtorzrcfyngybgexxulfkuebpxb/Build/Intermediates.noindex/app-four.build/Debug-iphonesimulator/app-fourTests.build/empty-app-fourTests.plist (in target 'app-fourTests' from project 'app-four')
    cd /Users/caesargrey/Projects/app-four-llama
    builtin-infoPlistUtility /Users/caesargrey/Library/Developer/Xcode/DerivedData/app-four-fgtorzrcfyngybgexxulfkuebpxb/Build/Intermediates.noindex/app-four.build/Debug-iphonesimulator/app-fourTests.build/empty-app-fourTests.plist -producttype com.apple.product-type.bundle.unit-test -expandbuildsettings -format binary -platform iphonesimulator -scanforprivacyfile /Users/caesargrey/Library/Developer/Xcode/DerivedData/app-four-fgtorzrcfyngybgexxulfkuebpxb/Build/Products/Debug-iphonesimulator/app-four.app/PlugIns/app-fourTests.xctest/mlx-swift_Cmlx.bundle -scanforprivacyfile /Users/caesargrey/Library/Developer/Xcode/DerivedData/app-four-fgtorzrcfyngybgexxulfkuebpxb/Build/Products/Debug-iphonesimulator/app-four.app/PlugIns/app-fourTests.xctest/swift-crypto_Crypto.bundle -scanforprivacyfile /Users/caesargrey/Library/Developer/Xcode/DerivedData/app-four-fgtorzrcfyngybgexxulfkuebpxb/Build/Products/Debug-iphonesimulator/app-four.app/PlugIns/app-fourTests.xctest/swift-transformers_Hub.bundle -o /Users/caesargrey/Library/Developer/Xcode/DerivedData/app-four-fgtorzrcfyngybgexxulfkuebpxb/Build/Products/Debug-iphonesimulator/app-four.app/PlugIns/app-fourTests.xctest/Info.plist

[RecordingStore.swift:loadRecordings()] Loaded 0 recordings from SwiftData
[MetricManager.swift:start()] 🚀 MetricManager subscribed to MXMetricManager
Test Suite 'Selected tests' started at 2026-08-12 00:46:49.750.
Test Suite 'app-fourTests.xctest' started at 2026-08-12 00:46:49.750.
Test Suite 'app-fourTests.xctest' passed at 2026-08-12 00:46:49.750.
	 Executed 0 tests, with 0 failures (0 unexpected) in 0.000 (0.000) seconds
Test Suite 'Selected tests' passed at 2026-08-12 00:46:49.751.
	 Executed 0 tests, with 0 failures (0 unexpected) in 0.000 (0.001) seconds
◇ Test run started.
↳ Testing Library Version: 1902
↳ Target Platform: arm64-apple-ios13.0-simulator
◇ Suite ParseExtractionTests started.
◇ Suite UnifiedExtractionTests started.
◇ Suite ExtractionValidatorTests started.
◇ Suite SummaryResultAssemblyTests started.
◇ Test totallyUnparseableReturnsNil() started.
◇ Test emptyStringReturnsNil() started.
◇ Test invalidSleepQualityClamped(quality:) started.
◇ Test validSleepQualityPasses(quality:) started.
◇ Test proseWrappedJsonRecovered() started.
◇ Test backtickWrappedJsonRecovered() started.
◇ Test decodesCompleteJSON() started.
◇ Test medicationExtractionDecodes() started.
◇ Test decodesPartialJSON() started.
◇ Test directDecodeSucceeds() started.
◇ Test invalidMoodClampedToNil(mood:) started.
◇ Test validMoodPassesClamping(mood:) started.
◇ Test sleepHoursRangeClamping() started.
◇ Test endToEndFallback() started.
◇ Test validFocusPasses(focus:) started.
◇ Test nonLexiconMedicationsKept() started.
◇ Test titleFromSignalParts() started.
◇ Test explicitQualityTakesPrecedence() started.
◇ Test noInjectionWhenContentAbsent() started.
◇ Test invalidEnergyClamped(energy:) started.
◇ Test fallbackOnNilExtraction() started.
◇ Test mapsMedicationToMedEvent() started.
◇ Test activityFiltering() started.
◇ Test topicsTruncated() started.
◇ Test emptySummarySetToNil() started.
◇ Test mapsAllFieldsCorrectly() started.
◇ Test emotionFiltering() started.
◇ Test medicationsTopicInjected() started.
◇ Test lexiconTruncated() started.
◇ Test symptomsTopicInjected() started.
◇ Test validEnergyPasses(energy:) started.
◇ Test noDuplicateTopics() started.
◇ Test sideEffectFiltering() started.
◇ Test invalidFocusClamped(focus:) started.
◇ Test case passing 1 argument quality → "insomnia" to invalidSleepQualityClamped(quality:) started.
◇ Test sleepLevelDerivation() started.
◇ Test case passing 1 argument quality → "bad" to invalidSleepQualityClamped(quality:) started.
◇ Test case passing 1 argument quality → "poor" to invalidSleepQualityClamped(quality:) started.
◇ Test case passing 1 argument quality → "excellent" to invalidSleepQualityClamped(quality:) started.
◇ Test nilSleepHoursReturnsNilLevel() started.
◇ Test case passing 1 argument quality → "restless" to validSleepQualityPasses(quality:) started.
​​◇ Test case passing 1 argument quality → "light" to validSleepQualityPasses(quality:) started.
​◇ Test case passing 1 argument quality → "okay" to validSleepQualityPasses(quality:) started.
​◇ Test case passing 1 argument quality → "good" to validSleepQualityPasses(quality:) started.
◇ Test case passing 1 argument quality → "deep" to validSleepQualityPasses(quality:) started.
​​◇ Test case passing 1 argument mood → "Bad" to invalidMoodClampedToNil(mood:) started.
◇ Test case passing 1 argument mood → "fantastic" to invalidMoodClampedToNil(mood:) started.
​◇ Test case passing 1 argument mood → "low" to validMoodPassesClamping(mood:) started.
​◇ Test case passing 1 argument mood → "flat" to validMoodPassesClamping(mood:) started.
​◇ Test case passing 1 argument mood → "happy" to invalidMoodClampedToNil(mood:) started.
​◇ Test case passing 1 argument mood → "okay" to validMoodPassesClamping(mood:) started.
​◇ Test case passing 1 argument mood → "GOOD" to invalidMoodClampedToNil(mood:) started.
◇ Test case passing 1 argument mood → "Awful" to invalidMoodClampedToNil(mood:) started.
​◇ Test case passing 1 argument mood → "good" to validMoodPassesClamping(mood:) started.
​◇ Test case passing 1 argument mood → "" to invalidMoodClampedToNil(mood:) started.
◇ Test case passing 1 argument mood → "great" to validMoodPassesClamping(mood:) started.
​​◇ Test case passing 1 argument focus → "foggy" to validFocusPasses(focus:) started.
​◇ Test case passing 1 argument focus → "distracted" to validFocusPasses(focus:) started.
​◇ Test case passing 1 argument focus → "present" to validFocusPasses(focus:) started.
​◇ Test case passing 1 argument focus → "sharp" to validFocusPasses(focus:) started.
​​​​​◇ Test case passing 1 argument focus → "lockedIn" to validFocusPasses(focus:) started.
◇ Test case passing 1 argument energy → "energized" to invalidEnergyClamped(energy:) started.
◇ Test case passing 1 argument energy → "CHARGED" to invalidEnergyClamped(energy:) started.
◇ Test case passing 1 argument energy → "fantastic" to invalidEnergyClamped(energy:) started.
◇ Test case passing 1 argument energy → "Low" to invalidEnergyClamped(energy:) started.
​​​​◇ Test case passing 1 argument energy → "sluggish" to validEnergyPasses(energy:) started.
​◇ Test case passing 1 argument energy → "tired" to validEnergyPasses(energy:) started.
◇ Test case passing 1 argument energy → "steady" to validEnergyPasses(energy:) started.
​​◇ Test case passing 1 argument energy → "alert" to validEnergyPasses(energy:) started.
◇ Test case passing 1 argument energy → "charged" to validEnergyPasses(energy:) started.
◇ Test case passing 1 argument focus → "lockedin" to invalidFocusClamped(focus:) started.
◇ Test case passing 1 argument focus → "locked_in" to invalidFocusClamped(focus:) started.
​​​◇ Test case passing 1 argument focus → "focused" to invalidFocusClamped(focus:) started.
◇ Test case passing 1 argument focus → "LockedIn" to invalidFocusClamped(focus:) started.
​​​✔ Test emptyStringReturnsNil() passed after 0.070 seconds.
✔ Test totallyUnparseableReturnsNil() passed after 0.070 seconds.
​​✔ Test backtickWrappedJsonRecovered() passed after 0.071 seconds.
✔ Test decodesCompleteJSON() passed after 0.058 seconds.
✔ Test decodesPartialJSON() passed after 0.058 seconds.
✔ Test medicationExtractionDecodes() passed after 0.058 seconds.
✔ Test directDecodeSucceeds() passed after 0.058 seconds.
✔ Test proseWrappedJsonRecovered() passed after 0.071 seconds.
✔ Test endToEndFallback() passed after 0.058 seconds.
✔ Test sleepHoursRangeClamping() passed after 0.058 seconds.
✔ Test titleFromSignalParts() passed after 0.058 seconds.
✔ Test nonLexiconMedicationsKept() passed after 0.058 seconds.
✔ Test noInjectionWhenContentAbsent() passed after 0.058 seconds.
✔ Test invalidSleepQualityClamped(quality:) with 4 test cases passed after 0.070 seconds.
✔ Test validSleepQualityPasses(quality:) with 5 test cases passed after 0.070 seconds.
✔ Test explicitQualityTakesPrecedence() passed after 0.059 seconds.
✔ Test fallbackOnNilExtraction() passed after 0.058 seconds.
✔ Test mapsMedicationToMedEvent() passed after 0.058 seconds.
✔ Test medicationsTopicInjected() passed after 0.057 seconds.
✔ Test invalidEnergyClamped(energy:) with 4 test cases passed after 0.059 seconds.
✔ Test activityFiltering() passed after 0.059 seconds.
✔ Test symptomsTopicInjected() passed after 0.058 seconds.
✔ Test emptySummarySetToNil() passed after 0.058 seconds.
✔ Test validEnergyPasses(energy:) with 5 test cases passed after 0.058 seconds.
✔ Test emotionFiltering() passed after 0.058 seconds.
✔ Test lexiconTruncated() passed after 0.058 seconds.
✔ Test mapsAllFieldsCorrectly() passed after 0.058 seconds.
✔ Test invalidMoodClampedToNil(mood:) with 6 test cases passed after 0.058 seconds.
✔ Test validMoodPassesClamping(mood:) with 5 test cases passed after 0.058 seconds.
✔ Test noDuplicateTopics() passed after 0.058 seconds.
✔ Test sideEffectFiltering() passed after 0.058 seconds.
✔ Test topicsTruncated() passed after 0.059 seconds.
✔ Test sleepLevelDerivation() passed after 0.058 seconds.
✔ Test nilSleepHoursReturnsNilLevel() passed after 0.058 seconds.
✔ Test invalidFocusClamped(focus:) with 4 test cases passed after 0.058 seconds.
✔ Suite UnifiedExtractionTests passed after 0.074 seconds.
✔ Suite SummaryResultAssemblyTests passed after 0.074 seconds.
✔ Suite ParseExtractionTests passed after 0.074 seconds.
✔ Test validFocusPasses(focus:) with 5 test cases passed after 0.058 seconds.
✔ Suite ExtractionValidatorTests passed after 0.073 seconds.
✔ Test run with 36 tests in 4 suites passed after 0.075 seconds.
2026-08-12 00:46:50.273 xcodebuild[99108:2033945] [MT] IDETestOperationsObserverDebug: 27.716 elapsed -- Testing started completed.
2026-08-12 00:46:50.273 xcodebuild[99108:2033945] [MT] IDETestOperationsObserverDebug: 0.000 sec, +0.000 sec -- start
2026-08-12 00:46:50.273 xcodebuild[99108:2033945] [MT] IDETestOperationsObserverDebug: 27.716 sec, +27.716 sec -- end

Test session results, code coverage, and logs:
	/Users/caesargrey/Library/Developer/Xcode/DerivedData/app-four-fgtorzrcfyngybgexxulfkuebpxb/Logs/Test/Test-app-four-2026.08.12_00-46-11-+0100.xcresult

** TEST SUCCEEDED **

Testing started
